<!doctype html public "-//w3c//dtd html 4.0 transitional//en">
<html><head>
<title>Static Call Graph - [.\Objects\Experiment3.axf]</title></head>
<body><HR>
<H1>Static Call Graph for image .\Objects\Experiment3.axf</H1><HR>
<BR><P>#&#060CALLGRAPH&#062# ARM Linker, 5050106: Last Updated: Sat Nov 20 17:25:03 2021
<BR><P>
<H3>Maximum Stack Usage =          0 bytes + Unknown(Functions without stacksize, Cycles, Untraceable Function Pointers)</H3><H3>
Call chain for Maximum Stack Depth:</H3>

<P>
<H3>
Functions with no stack information
</H3><UL>
 <LI><a href="#[c]">Vector_Table</a>
 <LI><a href="#[1]">Undefined_Handler</a>
 <LI><a href="#[3]">Prefetch_Handler</a>
 <LI><a href="#[4]">Abort_Handler</a>
 <LI><a href="#[5]">IRQ_Handler</a>
 <LI><a href="#[6]">FIQ_Handler</a>
 <LI><a href="#[0]">Reset_Handler</a>
 <LI><a href="#[2]">SWI_Handler</a>
 <LI><a href="#[7]">SWInum0</a>
 <LI><a href="#[8]">SWInum1</a>
 <LI><a href="#[9]">SWInum2</a>
 <LI><a href="#[a]">SWInum3</a>
 <LI><a href="#[b]">SWInum4</a>
</UL>
</UL>
<P>
<H3>
Mutually Recursive functions
</H3> <LI><a href="#[1]">Undefined_Handler</a>&nbsp;&nbsp;&nbsp;&rArr;&nbsp;&nbsp;&nbsp;<a href="#[1]">Undefined_Handler</a><BR>
 <LI><a href="#[3]">Prefetch_Handler</a>&nbsp;&nbsp;&nbsp;&rArr;&nbsp;&nbsp;&nbsp;<a href="#[3]">Prefetch_Handler</a><BR>
 <LI><a href="#[4]">Abort_Handler</a>&nbsp;&nbsp;&nbsp;&rArr;&nbsp;&nbsp;&nbsp;<a href="#[4]">Abort_Handler</a><BR>
 <LI><a href="#[5]">IRQ_Handler</a>&nbsp;&nbsp;&nbsp;&rArr;&nbsp;&nbsp;&nbsp;<a href="#[5]">IRQ_Handler</a><BR>
 <LI><a href="#[6]">FIQ_Handler</a>&nbsp;&nbsp;&nbsp;&rArr;&nbsp;&nbsp;&nbsp;<a href="#[6]">FIQ_Handler</a><BR>
</UL>
<P>
<H3>
Function Pointers
</H3><UL>
 <LI><a href="#[4]">Abort_Handler</a> from experiment3.o(Vect) referenced from experiment3.o(Vect)
 <LI><a href="#[6]">FIQ_Handler</a> from experiment3.o(Vect) referenced from experiment3.o(Vect)
 <LI><a href="#[5]">IRQ_Handler</a> from experiment3.o(Vect) referenced from experiment3.o(Vect)
 <LI><a href="#[3]">Prefetch_Handler</a> from experiment3.o(Vect) referenced from experiment3.o(Vect)
 <LI><a href="#[0]">Reset_Handler</a> from experiment3.o(Vect) referenced from experiment3.o(Vect)
 <LI><a href="#[2]">SWI_Handler</a> from experiment3.o(Vect) referenced from experiment3.o(Vect)
 <LI><a href="#[7]">SWInum0</a> from experiment3.o(Vect) referenced from experiment3.o(Vect)
 <LI><a href="#[8]">SWInum1</a> from experiment3.o(Vect) referenced from experiment3.o(Vect)
 <LI><a href="#[9]">SWInum2</a> from experiment3.o(Vect) referenced from experiment3.o(Vect)
 <LI><a href="#[a]">SWInum3</a> from experiment3.o(Vect) referenced from experiment3.o(Vect)
 <LI><a href="#[b]">SWInum4</a> from experiment3.o(Vect) referenced from experiment3.o(Vect)
 <LI><a href="#[1]">Undefined_Handler</a> from experiment3.o(Vect) referenced from experiment3.o(Vect)
</UL>
<P>
<H3>
Global Symbols
</H3>
<P><STRONG><a name="[c]"></a>Vector_Table</STRONG> (ARM, 0 bytes, Stack size unknown bytes, experiment3.o(Vect))
<P>
<H3>
Local Symbols
</H3>
<P><STRONG><a name="[1]"></a>Undefined_Handler</STRONG> (ARM, 0 bytes, Stack size unknown bytes, experiment3.o(Vect))
<BR><BR>[Calls]<UL><LI><a href="#[1]">&gt;&gt;</a>&nbsp;&nbsp;&nbsp;Undefined_Handler
</UL>
<BR>[Called By]<UL><LI><a href="#[1]">&gt;&gt;</a>&nbsp;&nbsp;&nbsp;Undefined_Handler
</UL>
<BR>[Address Reference Count : 1]<UL><LI> experiment3.o(Vect)
</UL>
<P><STRONG><a name="[3]"></a>Prefetch_Handler</STRONG> (ARM, 0 bytes, Stack size unknown bytes, experiment3.o(Vect))
<BR><BR>[Calls]<UL><LI><a href="#[3]">&gt;&gt;</a>&nbsp;&nbsp;&nbsp;Prefetch_Handler
</UL>
<BR>[Called By]<UL><LI><a href="#[3]">&gt;&gt;</a>&nbsp;&nbsp;&nbsp;Prefetch_Handler
</UL>
<BR>[Address Reference Count : 1]<UL><LI> experiment3.o(Vect)
</UL>
<P><STRONG><a name="[4]"></a>Abort_Handler</STRONG> (ARM, 0 bytes, Stack size unknown bytes, experiment3.o(Vect))
<BR><BR>[Calls]<UL><LI><a href="#[4]">&gt;&gt;</a>&nbsp;&nbsp;&nbsp;Abort_Handler
</UL>
<BR>[Called By]<UL><LI><a href="#[4]">&gt;&gt;</a>&nbsp;&nbsp;&nbsp;Abort_Handler
</UL>
<BR>[Address Reference Count : 1]<UL><LI> experiment3.o(Vect)
</UL>
<P><STRONG><a name="[5]"></a>IRQ_Handler</STRONG> (ARM, 0 bytes, Stack size unknown bytes, experiment3.o(Vect))
<BR><BR>[Calls]<UL><LI><a href="#[5]">&gt;&gt;</a>&nbsp;&nbsp;&nbsp;IRQ_Handler
</UL>
<BR>[Called By]<UL><LI><a href="#[5]">&gt;&gt;</a>&nbsp;&nbsp;&nbsp;IRQ_Handler
</UL>
<BR>[Address Reference Count : 1]<UL><LI> experiment3.o(Vect)
</UL>
<P><STRONG><a name="[6]"></a>FIQ_Handler</STRONG> (ARM, 0 bytes, Stack size unknown bytes, experiment3.o(Vect))
<BR><BR>[Calls]<UL><LI><a href="#[6]">&gt;&gt;</a>&nbsp;&nbsp;&nbsp;FIQ_Handler
</UL>
<BR>[Called By]<UL><LI><a href="#[6]">&gt;&gt;</a>&nbsp;&nbsp;&nbsp;FIQ_Handler
</UL>
<BR>[Address Reference Count : 1]<UL><LI> experiment3.o(Vect)
</UL>
<P><STRONG><a name="[0]"></a>Reset_Handler</STRONG> (ARM, 0 bytes, Stack size unknown bytes, experiment3.o(Vect))
<BR>[Address Reference Count : 1]<UL><LI> experiment3.o(Vect)
</UL>
<P><STRONG><a name="[2]"></a>SWI_Handler</STRONG> (ARM, 0 bytes, Stack size unknown bytes, experiment3.o(Vect))
<BR>[Address Reference Count : 1]<UL><LI> experiment3.o(Vect)
</UL>
<P><STRONG><a name="[7]"></a>SWInum0</STRONG> (ARM, 0 bytes, Stack size unknown bytes, experiment3.o(Vect))
<BR>[Address Reference Count : 1]<UL><LI> experiment3.o(Vect)
</UL>
<P><STRONG><a name="[8]"></a>SWInum1</STRONG> (ARM, 0 bytes, Stack size unknown bytes, experiment3.o(Vect))
<BR>[Address Reference Count : 1]<UL><LI> experiment3.o(Vect)
</UL>
<P><STRONG><a name="[9]"></a>SWInum2</STRONG> (ARM, 0 bytes, Stack size unknown bytes, experiment3.o(Vect))
<BR>[Address Reference Count : 1]<UL><LI> experiment3.o(Vect)
</UL>
<P><STRONG><a name="[a]"></a>SWInum3</STRONG> (ARM, 0 bytes, Stack size unknown bytes, experiment3.o(Vect))
<BR>[Address Reference Count : 1]<UL><LI> experiment3.o(Vect)
</UL>
<P><STRONG><a name="[b]"></a>SWInum4</STRONG> (ARM, 0 bytes, Stack size unknown bytes, experiment3.o(Vect))
<BR>[Address Reference Count : 1]<UL><LI> experiment3.o(Vect)
</UL><P>
<H3>
Undefined Global Symbols
</H3><HR></body></html>
