<html>
<body>
<pre>
<h1>礦ision Build Log</h1>
<h2>Tool Versions:</h2>
IDE-Version: μVision V5.14.0.0
Copyright (C) 2015 ARM Ltd and ARM Germany GmbH. All rights reserved.
License Information: cc cc, cc, LIC=----
 
Tool Versions:
Toolchain:       MDK-Lite  Version: 5.14.0.0
Toolchain Path:  G:\Keil_v5\ARM\ARMCC\Bin
C Compiler:      Armcc.exe V5.05 update 1 (build 106)
Assembler:       Armasm.exe V5.05 update 1 (build 106)
Linker/Locator:  ArmLink.exe V5.05 update 1 (build 106)
Library Manager: ArmAr.exe V5.05 update 1 (build 106)
Hex Converter:   FromElf.exe V5.05 update 1 (build 106)
CPU DLL:         SARM.DLL V5.14.0.0
Dialog DLL:      DARMO9.DLL 
<h2>Project:</h2>
G:\Github\Embedded-Engineer.git\trunk\嵌入式系统及应用课程\ARM微处理器编程基础实验\Experiment3\Experiment3.uvproj
Project File Date:  11/20/2021

<h2>Output:</h2>
Rebuild target 'Target 1'
assembling Experiment3.s...
linking...
Program Size: Code=300 RO-data=0 RW-data=256 ZI-data=0  
".\Objects\Experiment3.axf" - 0 Error(s), 0 Warning(s).
</pre>
</body>
</html>
