<html>
<body>
<pre>
<h1>µVision Build Log</h1>
<h2>Tool Versions:</h2>
IDE-Version: ¦ÌVision V5.14.0.0
Copyright (C) 2015 ARM Ltd and ARM Germany GmbH. All rights reserved.
License Information: cc cc, cc, LIC=----
 
Tool Versions:
Toolchain:       MDK-Lite  Version: 5.14.0.0
Toolchain Path:  G:\Keil_v5\ARM\ARMCC\Bin
C Compiler:      Armcc.exe V5.05 update 1 (build 106)
Assembler:       Armasm.exe V5.05 update 1 (build 106)
Linker/Locator:  ArmLink.exe V5.05 update 1 (build 106)
Library Manager: ArmAr.exe V5.05 update 1 (build 106)
Hex Converter:   FromElf.exe V5.05 update 1 (build 106)
CPU DLL:         SARM.DLL V5.14.0.0
Dialog DLL:      DARMO9.DLL 
<h2>Project:</h2>
G:\lanwailan\STM32\code\demo\a.uvproj
Project File Date:  11/19/2021

<h2>Output:</h2>
Rebuild target 'Target 1'
assembling Experiment.s...
linking...
Program Size: Code=68 RO-data=0 RW-data=4 ZI-data=0  
".\Objects\a.axf" - 0 Error(s), 0 Warning(s).
</pre>
</body>
</html>
